[kr1.bust-cream.me/index.html]
[febatigr.com/content/shared/js/jquery-1.12.4.min.js]
[febatigr.com/content/shared/js/placeholders-3.0.2.min.js]
[febatigr.com/content/shared/js/dr-dtime.min.js]
[febatigr.com/content/shared/js/order_me.min.js]
[febatigr.com/content/shared/css/order_me.min.css]
[febatigr.com/content/shared/js/video_avid.min.js]
[febatigr.com/content/shared/js/validation.min.js]
[febatigr.com/content/shared/js/moment-with-locales-2.18.1.min.js]
[cf.just-news.pro/js/fcmjsgo/pushwwp.js]
[backblue.gif]
[fade.gif]
[index.html]
[febatigr.com/content/Bustelle_KR_Pink_sp/css/reset.css]
[febatigr.com/content/Bustelle_KR_Pink_sp/css/main.css]
[febatigr.com/content/Bustelle_KR_Pink_sp/css/flipclock.css]
[febatigr.com/content/Bustelle_KR_Pink_sp/css/jquery.bxslider.css]
[febatigr.com/content/Bustelle_KR_Pink_sp/js/slider.js]
[febatigr.com/content/Bustelle_KR_Pink_sp/js/flipclock.js]
[febatigr.com/content/Bustelle_KR_Pink_sp/js/jquery.bxslider.min.js]
[febatigr.com/content/Bustelle_KR_Pink_sp/js/main.js]
[febatigr.com/content/Bustelle_KR_Pink_sp/img/round_leaves.png]
[febatigr.com/content/Bustelle_KR_Pink_sp/img/olive.png]
[febatigr.com/content/Bustelle_KR_Pink_sp/img/icon_bust.png]
[febatigr.com/content/Bustelle_KR_Pink_sp/img/icon_glow.png]
[febatigr.com/content/Bustelle_KR_Pink_sp/img/icon_pushup.png]
[febatigr.com/content/Bustelle_KR_Pink_sp/img/olives_2.png]
[febatigr.com/content/Bustelle_KR_Pink_sp/img/s1_girl.png]
[febatigr.com/content/Bustelle_KR_Pink_sp/img/product.png]
[febatigr.com/content/Bustelle_KR_Pink_sp/img/risk_1.png]
[febatigr.com/content/Bustelle_KR_Pink_sp/img/hormonal.png]
[febatigr.com/content/Bustelle_KR_Pink_sp/img/risk_2.png]
[febatigr.com/content/Bustelle_KR_Pink_sp/img/apple.png]
[febatigr.com/content/Bustelle_KR_Pink_sp/img/risk_3.png]
[febatigr.com/content/Bustelle_KR_Pink_sp/img/grapes.png]
[febatigr.com/content/Bustelle_KR_Pink_sp/img/risk_4.png]
[febatigr.com/content/Bustelle_KR_Pink_sp/img/sex.png]
[febatigr.com/content/Bustelle_KR_Pink_sp/img/risk_5.png]
[febatigr.com/content/Bustelle_KR_Pink_sp/img/hand.png]
[febatigr.com/content/Bustelle_KR_Pink_sp/img/risk_6.png]
[febatigr.com/content/Bustelle_KR_Pink_sp/img/s3_girl.png]
[febatigr.com/content/Bustelle_KR_Pink_sp/img/s4_creme.png]
[febatigr.com/content/Bustelle_KR_Pink_sp/img/s4_bust.png]
[febatigr.com/content/Bustelle_KR_Pink_sp/img/leaf.png]
[febatigr.com/content/Bustelle_KR_Pink_sp/img/s4_olive.png]
[febatigr.com/content/Bustelle_KR_Pink_sp/img/vik_slider/w1.png]
[febatigr.com/content/Bustelle_KR_Pink_sp/img/vik_slider/w2.png]
[febatigr.com/content/Bustelle_KR_Pink_sp/img/vik_slider/w3.png]
[febatigr.com/content/Bustelle_KR_Pink_sp/img/vik_slider/w4.png]
[febatigr.com/content/Bustelle_KR_Pink_sp/img/week_bg.png]
[febatigr.com/content/Bustelle_KR_Pink_sp/img/s4_olive_bottom.png]
[febatigr.com/content/Bustelle_KR_Pink_sp/img/s5_leaf.png]
[febatigr.com/content/Bustelle_KR_Pink_sp/img/s5_olive2.png]
[febatigr.com/content/Bustelle_KR_Pink_sp/img/s5_creme.png]
[febatigr.com/content/Bustelle_KR_Pink_sp/img/s5_girl.png]
[febatigr.com/content/Bustelle_KR_Pink_sp/img/s5_product.png]
[febatigr.com/content/Bustelle_KR_Pink_sp/img/s5_arrow.png]
[febatigr.com/content/Bustelle_KR_Pink_sp/img/s5_olive.png]
[febatigr.com/content/Bustelle_KR_Pink_sp/img/s5_jojoba.png]
[febatigr.com/content/Bustelle_KR_Pink_sp/img/s7_bust.png]
[febatigr.com/content/Bustelle_KR_Pink_sp/img/s7_arrow.png]
[febatigr.com/content/Bustelle_KR_Pink_sp/img/s7_girl.png]
[febatigr.com/content/Bustelle_KR_Pink_sp/img/s7_olive.png]
[febatigr.com/content/Bustelle_KR_Pink_sp/img/s8_olives.png]
[febatigr.com/content/Bustelle_KR_Pink_sp/img/s8_girl.png]
[febatigr.com/content/Bustelle_KR_Pink_sp/img/cocos.png]
[febatigr.com/content/Bustelle_KR_Pink_sp/img/comment1.png]
[febatigr.com/content/Bustelle_KR_Pink_sp/img/comment2.png]
[febatigr.com/content/Bustelle_KR_Pink_sp/img/comment3.png]
[febatigr.com/content/Bustelle_KR_Pink_sp/img/comment4.png]
[febatigr.com/content/Bustelle_KR_Pink_sp/img/s9_arrow.png]
[febatigr.com/content/Bustelle_KR_Pink_sp/img/diagram.png]
[febatigr.com/content/Bustelle_KR_Pink_sp/img/s9_leaf.png]
[febatigr.com/content/Bustelle_KR_Pink_sp/img/s6_creme.png]
[febatigr.com/content/Bustelle_KR_Pink_sp/img/s10_girl.png]
[febatigr.com/content/Bustelle_KR_Pink_sp/img/s10_bust.png]
[febatigr.com/content/Bustelle_KR_Pink_sp/img/s11_olive.png]
[febatigr.com/content/Bustelle_KR_Pink_sp/img/expert.png]
[febatigr.com/content/Bustelle_KR_Pink_sp/img/s11_creme.png]
[febatigr.com/content/Bustelle_KR_Pink_sp/img/s12_bust.png]
[febatigr.com/content/Bustelle_KR_Pink_sp/img/s12_olive.png]
[febatigr.com/content/Bustelle_KR_Pink_sp/img/s13_bg_girl.png]
[febatigr.com/content/Bustelle_KR_Pink_sp/img/s13_girl.png]
[febatigr.com/content/Bustelle_KR_Pink_sp/img/s13_footer_girl.png]
[febatigr.com/content/Bustelle_KR_Pink_sp/img/s15_bag.png]
[febatigr.com/content/Bustelle_KR_Pink_sp/img/s7_olive2.png]
[febatigr.com/content/Bustelle_KR_Pink_sp/img/s15_thumbsup.png]
[febatigr.com/content/Bustelle_KR_Pink_sp/img/s15_girl.png]
[febatigr.com/content/Bustelle_KR_Pink_sp/img/magazine_product.png]
[febatigr.com/content/Bustelle_KR_Pink_sp/img/magazine_girl_lt.png]
[febatigr.com/content/Bustelle_KR_Pink_sp/img/m_girl_rt1.png]
[febatigr.com/content/Bustelle_KR_Pink_sp/img/m_girl_rt2.png]
[febatigr.com/content/Bustelle_KR_Pink_sp/img/rev1.png]
[febatigr.com/content/Bustelle_KR_Pink_sp/img/rev2.png]
[febatigr.com/content/Bustelle_KR_Pink_sp/img/rev_foto_1.png]
[febatigr.com/content/Bustelle_KR_Pink_sp/img/rev_foto_2.png]
[febatigr.com/content/Bustelle_KR_Pink_sp/img/rev3.png]
[febatigr.com/content/Bustelle_KR_Pink_sp/img/rev3_foto1.png]
[febatigr.com/content/Bustelle_KR_Pink_sp/img/rev3_foto2.png]
[febatigr.com/content/Bustelle_KR_Pink_sp/img/rev4.png]
[febatigr.com/content/Bustelle_KR_Pink_sp/img/rev5.png]
[febatigr.com/content/Bustelle_KR_Pink_sp/img/rev5_foto1.png]
[febatigr.com/content/Bustelle_KR_Pink_sp/img/rev5_foto2.png]
[febatigr.com/content/Bustelle_KR_Pink_sp/img/rev6.png]
[febatigr.com/content/Bustelle_KR_Pink_sp/img/rev6_foto1.png]
[febatigr.com/content/Bustelle_KR_Pink_sp/img/rev6_foto2.png]
[febatigr.com/content/Bustelle_KR_Pink_sp/img/s18_olive.png]
[febatigr.com/content/Bustelle_KR_Pink_sp/img/s18_girl.png]
[febatigr.com/content/shared/js/js.cookie.min.js]
[kr1.bust-cream.me/index.html]
[febatigr.com/content/shared/css/order_me.min.css]
[kr1.bust-cream.me/GET.html]
[febatigr.com/content/shared/js/sender.min.js]
[kr1.bust-cream.me/next/index8fe4.html]
[febatigr.com/content/Bustelle_KR_Pink_sp/css/reset.css]
[viposidn.com/content/Bustelle_KR_Pink_sp/img/main_bg.jpg]
[viposidn.com/content/Bustelle_KR_Pink_sp/img/effect_bust.png]
[viposidn.com/content/Bustelle_KR_Pink_sp/img/milk.png]
[viposidn.com/content/Bustelle_KR_Pink_sp/img/custom_shadow.png]
[viposidn.com/content/Bustelle_KR_Pink_sp/img/s2_girl.png]
[viposidn.com/content/Bustelle_KR_Pink_sp/img/s2_icon1.png]
[viposidn.com/content/Bustelle_KR_Pink_sp/img/s2_icon2.png]
[viposidn.com/content/Bustelle_KR_Pink_sp/img/s2_icon3.png]
[viposidn.com/content/Bustelle_KR_Pink_sp/img/s2_icon4.png]
[viposidn.com/content/Bustelle_KR_Pink_sp/img/cross.png]
[viposidn.com/content/Bustelle_KR_Pink_sp/img/s3_arrow.png]
[viposidn.com/content/Bustelle_KR_Pink_sp/img/custom_shadow2.png]
[viposidn.com/content/Bustelle_KR_Pink_sp/img/s4_icon1.png]
[viposidn.com/content/Bustelle_KR_Pink_sp/img/s4_icon2.png]
[viposidn.com/content/Bustelle_KR_Pink_sp/img/s4_icon3.png]
[viposidn.com/content/Bustelle_KR_Pink_sp/img/s4_icon4.png]
[viposidn.com/content/Bustelle_KR_Pink_sp/img/checked.png]
[viposidn.com/content/Bustelle_KR_Pink_sp/img/s6_content_img.png]
[viposidn.com/content/Bustelle_KR_Pink_sp/img/s7_bg.jpg]
[viposidn.com/content/Bustelle_KR_Pink_sp/img/s7_step1.png]
[viposidn.com/content/Bustelle_KR_Pink_sp/img/s7_step2.png]
[viposidn.com/content/Bustelle_KR_Pink_sp/img/s7_step3.png]
[viposidn.com/content/Bustelle_KR_Pink_sp/img/ingr1.png]
[viposidn.com/content/Bustelle_KR_Pink_sp/img/ingr2.png]
[viposidn.com/content/Bustelle_KR_Pink_sp/img/ingr3.png]
[viposidn.com/content/Bustelle_KR_Pink_sp/img/ingr4.png]
[viposidn.com/content/Bustelle_KR_Pink_sp/img/s8_plank.png]
[viposidn.com/content/Bustelle_KR_Pink_sp/img/s9_line_main.png]
[viposidn.com/content/Bustelle_KR_Pink_sp/img/s9_line2.png]
[viposidn.com/content/Bustelle_KR_Pink_sp/img/s9_line_end.png]
[viposidn.com/content/Bustelle_KR_Pink_sp/img/custom_select.png]
[viposidn.com/content/Bustelle_KR_Pink_sp/img/s11_bg.png]
[viposidn.com/content/Bustelle_KR_Pink_sp/img/s12_girl.png]
[viposidn.com/content/Bustelle_KR_Pink_sp/img/s12_plank.png]
[viposidn.com/content/Bustelle_KR_Pink_sp/img/s13_step1.png]
[viposidn.com/content/Bustelle_KR_Pink_sp/img/s13_step2.png]
[viposidn.com/content/Bustelle_KR_Pink_sp/img/s13_step3.png]
[viposidn.com/content/Bustelle_KR_Pink_sp/img/s15_plank1.png]
[viposidn.com/content/Bustelle_KR_Pink_sp/img/s15_plank2.png]
[viposidn.com/content/Bustelle_KR_Pink_sp/img/s15_plank3.png]
[viposidn.com/content/Bustelle_KR_Pink_sp/img/s15_icon1.png]
[viposidn.com/content/Bustelle_KR_Pink_sp/img/s15_icon2.png]
[viposidn.com/content/Bustelle_KR_Pink_sp/img/s15_icon3.png]
[viposidn.com/content/Bustelle_KR_Pink_sp/img/s5_product.png]
[viposidn.com/content/Bustelle_KR_Pink_sp/img/m_r_bottom.jpg]
[viposidn.com/content/Bustelle_KR_Pink_sp/img/m_girl_lb.jpg]
[viposidn.com/content/Bustelle_KR_Pink_sp/img/m_plank_lb.png]
[viposidn.com/content/Bustelle_KR_Pink_sp/img/s11_creme.png]
[viposidn.com/content/Bustelle_KR_Pink_sp/img/rev_hand.png]
[viposidn.com/content/Bustelle_KR_Pink_sp/img/rev_speech.png]
[viposidn.com/content/Bustelle_KR_Pink_sp/img/rev_calendar.png]
[viposidn.com/content/Bustelle_KR_Pink_sp/img/rev_clock.png]
[viposidn.com/content/Bustelle_KR_Pink_sp/img/footer_plank.png]
[viposidn.com/content/Bustelle_KR_Pink_sp/img/custom_select2.png]
[febatigr.com/content/Bustelle_KR_Pink_sp/css/main.css]
[febatigr.com/content/Bustelle_KR_Pink_sp/css/flipclock.css]
[febatigr.com/content/Bustelle_KR_Pink_sp/css/jquery.bxslider.css]
[kr1.bust-cream.me/No url for click_id_ hk2_1668055205_qaMVKvBj0P, platform_out_id_ 0.html]
[push-notification.news-host.pw/v1/script/push.js]
